{
  "name": "coap",
  "type": "Southbound",
  "status": "running"
}
